#
# There is insufficient memory for the Java Runtime Environment to continue.
# Native memory allocation (malloc) failed to allocate 956656 bytes for Chunk::new
# Possible reasons:
#   The system is out of physical RAM or swap space
#   The process is running with CompressedOops enabled, and the Java Heap may be blocking the growth of the native heap
# Possible solutions:
#   Reduce memory load on the system
#   Increase physical memory or swap space
#   Check if swap backing store is full
#   Decrease Java heap size (-Xmx/-Xms)
#   Decrease number of Java threads
#   Decrease Java thread stack sizes (-Xss)
#   Set larger code cache with -XX:ReservedCodeCacheSize=
#   JVM is running with Zero Based Compressed Oops mode in which the Java heap is
#     placed in the first 32GB address space. The Java Heap base address is the
#     maximum limit for the native heap growth. Please use -XX:HeapBaseMinAddress
#     to set the Java Heap base and to place the Java Heap above 32GB virtual address.
# This output file may be truncated or incomplete.
#
#  Out of Memory Error (arena.cpp:191), pid=33336, tid=27124
#
# JRE version: OpenJDK Runtime Environment Temurin-17.0.9+9 (17.0.9+9) (build 17.0.9+9)
# Java VM: OpenJDK 64-Bit Server VM Temurin-17.0.9+9 (17.0.9+9, mixed mode, sharing, tiered, compressed oops, compressed class ptrs, g1 gc, windows-amd64)
# No core dump will be written. Minidumps are not enabled by default on client versions of Windows
#

---------------  S U M M A R Y ------------

Command Line: org.sonarsource.sonarlint.core.backend.cli.SonarLintServerCli

Host: 12th Gen Intel(R) Core(TM) i5-12500H, 16 cores, 15G,  Windows 11 , 64 bit Build 26100 (10.0.26100.7705)
Time: Thu Mar 12 00:19:12 2026 FLE Standard Time elapsed time: 0.588367 seconds (0d 0h 0m 0s)

---------------  T H R E A D  ---------------

Current thread (0x0000023e560341d0):  JavaThread "C2 CompilerThread0" daemon [_thread_in_native, id=27124, stack(0x000000bd39000000,0x000000bd39100000)]


Current CompileTask:
C2:    588 1392       4       jdk.internal.org.objectweb.asm.Frame::execute (2318 bytes)

Stack: [0x000000bd39000000,0x000000bd39100000]
Native frames: (J=compiled Java code, j=interpreted, Vv=VM code, C=native code)
V  [jvm.dll+0x67cf49]
V  [jvm.dll+0x83478a]
V  [jvm.dll+0x83624e]
V  [jvm.dll+0x8368b3]
V  [jvm.dll+0x247f1f]
V  [jvm.dll+0xac43c]
V  [jvm.dll+0xaca8c]
V  [jvm.dll+0x2af45f]
V  [jvm.dll+0x5853f7]
V  [jvm.dll+0x222f62]
V  [jvm.dll+0x22334f]
V  [jvm.dll+0x21c476]
V  [jvm.dll+0x2198c1]
V  [jvm.dll+0x1a57cd]
V  [jvm.dll+0x2297ae]
V  [jvm.dll+0x22797c]
V  [jvm.dll+0x7e9877]
V  [jvm.dll+0x7e3c3a]
V  [jvm.dll+0x67be35]
C  [ucrtbase.dll+0x37b0]
C  [KERNEL32.DLL+0x2e8d7]
C  [ntdll.dll+0x8c40c]


---------------  P R O C E S S  ---------------

Threads class SMR info:
_java_thread_list=0x0000023e5b2e91a0, length=21, elements={
0x0000023e7237fb90, 0x0000023e56011ac0, 0x0000023e56013f10, 0x0000023e5602ffe0,
0x0000023e560308b0, 0x0000023e56031180, 0x0000023e56032a60, 0x0000023e560341d0,
0x0000023e5603bab0, 0x0000023e5603a5d0, 0x0000023e560ea400, 0x0000023e560e8970,
0x0000023e561f5880, 0x0000023e56205d10, 0x0000023e560e8420, 0x0000023e560e9960,
0x0000023e5b1bbd90, 0x0000023e56b1b9c0, 0x0000023e56b1bea0, 0x0000023e5b4ad390,
0x0000023e5b2ff9d0
}

Java Threads: ( => current thread )
  0x0000023e7237fb90 JavaThread "main" [_thread_blocked, id=2904, stack(0x000000bd38300000,0x000000bd38400000)]
  0x0000023e56011ac0 JavaThread "Reference Handler" daemon [_thread_blocked, id=2820, stack(0x000000bd38a00000,0x000000bd38b00000)]
  0x0000023e56013f10 JavaThread "Finalizer" daemon [_thread_blocked, id=23776, stack(0x000000bd38b00000,0x000000bd38c00000)]
  0x0000023e5602ffe0 JavaThread "Signal Dispatcher" daemon [_thread_blocked, id=19708, stack(0x000000bd38c00000,0x000000bd38d00000)]
  0x0000023e560308b0 JavaThread "Attach Listener" daemon [_thread_blocked, id=30872, stack(0x000000bd38d00000,0x000000bd38e00000)]
  0x0000023e56031180 JavaThread "Service Thread" daemon [_thread_blocked, id=23212, stack(0x000000bd38e00000,0x000000bd38f00000)]
  0x0000023e56032a60 JavaThread "Monitor Deflation Thread" daemon [_thread_blocked, id=26884, stack(0x000000bd38f00000,0x000000bd39000000)]
=>0x0000023e560341d0 JavaThread "C2 CompilerThread0" daemon [_thread_in_native, id=27124, stack(0x000000bd39000000,0x000000bd39100000)]
  0x0000023e5603bab0 JavaThread "C1 CompilerThread0" daemon [_thread_blocked, id=31396, stack(0x000000bd39100000,0x000000bd39200000)]
  0x0000023e5603a5d0 JavaThread "Sweeper thread" daemon [_thread_blocked, id=4400, stack(0x000000bd39200000,0x000000bd39300000)]
  0x0000023e560ea400 JavaThread "C1 CompilerThread1" daemon [_thread_blocked, id=24088, stack(0x000000bd39300000,0x000000bd39400000)]
  0x0000023e560e8970 JavaThread "C1 CompilerThread2" daemon [_thread_blocked, id=18800, stack(0x000000bd39400000,0x000000bd39500000)]
  0x0000023e561f5880 JavaThread "Notification Thread" daemon [_thread_blocked, id=27452, stack(0x000000bd39500000,0x000000bd39600000)]
  0x0000023e56205d10 JavaThread "Common-Cleaner" daemon [_thread_blocked, id=25164, stack(0x000000bd39700000,0x000000bd39800000)]
  0x0000023e560e8420 JavaThread "C2 CompilerThread1" daemon [_thread_blocked, id=15124, stack(0x000000bd39800000,0x000000bd39900000)]
  0x0000023e560e9960 JavaThread "C2 CompilerThread2" daemon [_thread_blocked, id=1208, stack(0x000000bd39900000,0x000000bd39a00000)]
  0x0000023e5b1bbd90 JavaThread "Server message writer" [_thread_in_vm, id=27696, stack(0x000000bd3a100000,0x000000bd3a200000)]
  0x0000023e56b1b9c0 JavaThread "Server message writer" [_thread_blocked, id=17392, stack(0x000000bd3a200000,0x000000bd3a300000)]
  0x0000023e56b1bea0 JavaThread "Server message reader" [_thread_blocked, id=24324, stack(0x000000bd3a300000,0x000000bd3a400000)]
  0x0000023e5b4ad390 JavaThread "SonarLint Server RPC sequential executor" [_thread_in_vm, id=6184, stack(0x000000bd3a400000,0x000000bd3a500000)]
  0x0000023e5b2ff9d0 JavaThread "SonarLint Server shutdown" [_thread_in_vm, id=12592, stack(0x000000bd3a500000,0x000000bd3a600000)]

Other Threads:
  0x0000023e5600c9f0 VMThread "VM Thread" [stack: 0x000000bd38900000,0x000000bd38a00000] [id=20892]
  0x0000023e561f5d60 WatcherThread [stack: 0x000000bd39600000,0x000000bd39700000] [id=31648]
  0x0000023e723efe40 GCTaskThread "GC Thread#0" [stack: 0x000000bd38400000,0x000000bd38500000] [id=33436]
  0x0000023e5684bd80 GCTaskThread "GC Thread#1" [stack: 0x000000bd39a00000,0x000000bd39b00000] [id=30624]
  0x0000023e56b2c600 GCTaskThread "GC Thread#2" [stack: 0x000000bd39b00000,0x000000bd39c00000] [id=340]
  0x0000023e56b2c8c0 GCTaskThread "GC Thread#3" [stack: 0x000000bd39c00000,0x000000bd39d00000] [id=9444]
  0x0000023e56b2cb80 GCTaskThread "GC Thread#4" [stack: 0x000000bd39d00000,0x000000bd39e00000] [id=33340]
  0x0000023e56b2ce40 GCTaskThread "GC Thread#5" [stack: 0x000000bd39e00000,0x000000bd39f00000] [id=11392]
  0x0000023e56b28390 GCTaskThread "GC Thread#6" [stack: 0x000000bd39f00000,0x000000bd3a000000] [id=8612]
  0x0000023e56b28650 GCTaskThread "GC Thread#7" [stack: 0x000000bd3a000000,0x000000bd3a100000] [id=33368]
  0x0000023e724013f0 ConcurrentGCThread "G1 Main Marker" [stack: 0x000000bd38500000,0x000000bd38600000] [id=4720]
  0x0000023e72401c20 ConcurrentGCThread "G1 Conc#0" [stack: 0x000000bd38600000,0x000000bd38700000] [id=31244]
  0x0000023e7fac69f0 ConcurrentGCThread "G1 Refine#0" [stack: 0x000000bd38700000,0x000000bd38800000] [id=32056]
  0x0000023e7fac70d0 ConcurrentGCThread "G1 Service" [stack: 0x000000bd38800000,0x000000bd38900000] [id=28632]

Threads with active compile tasks:
C2 CompilerThread0      597 1392       4       jdk.internal.org.objectweb.asm.Frame::execute (2318 bytes)

VM state: not at safepoint (normal execution)

VM Mutex/Monitor currently owned by a thread:  ([mutex/lock_event])
[0x0000023e71eec170] Metaspace_lock - owner thread: 0x0000023e5b4ad390
[0x0000023e7237eb00] MultiArray_lock - owner thread: 0x0000023e5b1bbd90

OutOfMemory and StackOverflow Exception counts:
OutOfMemoryError java_heap_errors=1
LinkageErrors=12

Heap address: 0x0000000704800000, size: 4024 MB, Compressed Oops mode: Zero based, Oop shift amount: 3

CDS archive(s) mapped at: [0x0000023e15000000-0x0000023e15a40000-0x0000023e15a40000), size 10747904, SharedBaseAddress: 0x0000023e15000000, ArchiveRelocationMode: 1.
Compressed class space mapped at: 0x0000023e16000000-0x0000023e56000000, reserved size: 1073741824
Narrow klass base: 0x0000023e15000000, Narrow klass shift: 0, Narrow klass range: 0x100000000

GC Precious Log:
 CPUs: 16 total, 16 available
 Memory: 16088M
 Large Page Support: Disabled
 NUMA Support: Disabled
 Compressed Oops: Enabled (Zero based)
 Heap Region Size: 2M
 Heap Min Capacity: 8M
 Heap Initial Capacity: 252M
 Heap Max Capacity: 4024M
 Pre-touch: Disabled
 Parallel Workers: 13
 Concurrent Workers: 3
 Concurrent Refinement Workers: 13
 Periodic GC: Disabled

Heap:
 garbage-first heap   total 258048K, used 13875K [0x0000000704800000, 0x0000000800000000)
  region size 2048K, 7 young (14336K), 2 survivors (4096K)
 Metaspace       used 10011K, committed 10112K, reserved 1114112K
  class space    used 1297K, committed 1344K, reserved 1048576K

Heap Regions: E=young(eden), S=young(survivor), O=old, HS=humongous(starts), HC=humongous(continues), CS=collection set, F=free, OA=open archive, CA=closed archive, TAMS=top-at-mark-start (previous, next)
|   0|0x0000000704800000, 0x000000070498ce00, 0x0000000704a00000| 77%| O|  |TAMS 0x0000000704800000, 0x0000000704800000| Untracked 
|   1|0x0000000704a00000, 0x0000000704a00000, 0x0000000704c00000|  0%| F|  |TAMS 0x0000000704a00000, 0x0000000704a00000| Untracked 
|   2|0x0000000704c00000, 0x0000000704c00000, 0x0000000704e00000|  0%| F|  |TAMS 0x0000000704c00000, 0x0000000704c00000| Untracked 
|   3|0x0000000704e00000, 0x0000000704e00000, 0x0000000705000000|  0%| F|  |TAMS 0x0000000704e00000, 0x0000000704e00000| Untracked 
|   4|0x0000000705000000, 0x0000000705000000, 0x0000000705200000|  0%| F|  |TAMS 0x0000000705000000, 0x0000000705000000| Untracked 
|   5|0x0000000705200000, 0x0000000705200000, 0x0000000705400000|  0%| F|  |TAMS 0x0000000705200000, 0x0000000705200000| Untracked 
|   6|0x0000000705400000, 0x0000000705400000, 0x0000000705600000|  0%| F|  |TAMS 0x0000000705400000, 0x0000000705400000| Untracked 
|   7|0x0000000705600000, 0x0000000705600000, 0x0000000705800000|  0%| F|  |TAMS 0x0000000705600000, 0x0000000705600000| Untracked 
|   8|0x0000000705800000, 0x0000000705800000, 0x0000000705a00000|  0%| F|  |TAMS 0x0000000705800000, 0x0000000705800000| Untracked 
|   9|0x0000000705a00000, 0x0000000705a00000, 0x0000000705c00000|  0%| F|  |TAMS 0x0000000705a00000, 0x0000000705a00000| Untracked 
|  10|0x0000000705c00000, 0x0000000705c00000, 0x0000000705e00000|  0%| F|  |TAMS 0x0000000705c00000, 0x0000000705c00000| Untracked 
|  11|0x0000000705e00000, 0x0000000705e00000, 0x0000000706000000|  0%| F|  |TAMS 0x0000000705e00000, 0x0000000705e00000| Untracked 
|  12|0x0000000706000000, 0x0000000706000000, 0x0000000706200000|  0%| F|  |TAMS 0x0000000706000000, 0x0000000706000000| Untracked 
|  13|0x0000000706200000, 0x0000000706200000, 0x0000000706400000|  0%| F|  |TAMS 0x0000000706200000, 0x0000000706200000| Untracked 
|  14|0x0000000706400000, 0x0000000706400000, 0x0000000706600000|  0%| F|  |TAMS 0x0000000706400000, 0x0000000706400000| Untracked 
|  15|0x0000000706600000, 0x0000000706600000, 0x0000000706800000|  0%| F|  |TAMS 0x0000000706600000, 0x0000000706600000| Untracked 
|  16|0x0000000706800000, 0x0000000706800000, 0x0000000706a00000|  0%| F|  |TAMS 0x0000000706800000, 0x0000000706800000| Untracked 
|  17|0x0000000706a00000, 0x0000000706a00000, 0x0000000706c00000|  0%| F|  |TAMS 0x0000000706a00000, 0x0000000706a00000| Untracked 
|  18|0x0000000706c00000, 0x0000000706c00000, 0x0000000706e00000|  0%| F|  |TAMS 0x0000000706c00000, 0x0000000706c00000| Untracked 
|  19|0x0000000706e00000, 0x0000000706e00000, 0x0000000707000000|  0%| F|  |TAMS 0x0000000706e00000, 0x0000000706e00000| Untracked 
|  20|0x0000000707000000, 0x0000000707000000, 0x0000000707200000|  0%| F|  |TAMS 0x0000000707000000, 0x0000000707000000| Untracked 
|  21|0x0000000707200000, 0x0000000707200000, 0x0000000707400000|  0%| F|  |TAMS 0x0000000707200000, 0x0000000707200000| Untracked 
|  22|0x0000000707400000, 0x0000000707400000, 0x0000000707600000|  0%| F|  |TAMS 0x0000000707400000, 0x0000000707400000| Untracked 
|  23|0x0000000707600000, 0x0000000707600000, 0x0000000707800000|  0%| F|  |TAMS 0x0000000707600000, 0x0000000707600000| Untracked 
|  24|0x0000000707800000, 0x0000000707800000, 0x0000000707a00000|  0%| F|  |TAMS 0x0000000707800000, 0x0000000707800000| Untracked 
|  25|0x0000000707a00000, 0x0000000707a00000, 0x0000000707c00000|  0%| F|  |TAMS 0x0000000707a00000, 0x0000000707a00000| Untracked 
|  26|0x0000000707c00000, 0x0000000707c00000, 0x0000000707e00000|  0%| F|  |TAMS 0x0000000707c00000, 0x0000000707c00000| Untracked 
|  27|0x0000000707e00000, 0x0000000707e00000, 0x0000000708000000|  0%| F|  |TAMS 0x0000000707e00000, 0x0000000707e00000| Untracked 
|  28|0x0000000708000000, 0x0000000708000000, 0x0000000708200000|  0%| F|  |TAMS 0x0000000708000000, 0x0000000708000000| Untracked 
|  29|0x0000000708200000, 0x0000000708200000, 0x0000000708400000|  0%| F|  |TAMS 0x0000000708200000, 0x0000000708200000| Untracked 
|  30|0x0000000708400000, 0x0000000708400000, 0x0000000708600000|  0%| F|  |TAMS 0x0000000708400000, 0x0000000708400000| Untracked 
|  31|0x0000000708600000, 0x0000000708600000, 0x0000000708800000|  0%| F|  |TAMS 0x0000000708600000, 0x0000000708600000| Untracked 
|  32|0x0000000708800000, 0x0000000708800000, 0x0000000708a00000|  0%| F|  |TAMS 0x0000000708800000, 0x0000000708800000| Untracked 
|  33|0x0000000708a00000, 0x0000000708a00000, 0x0000000708c00000|  0%| F|  |TAMS 0x0000000708a00000, 0x0000000708a00000| Untracked 
|  34|0x0000000708c00000, 0x0000000708c00000, 0x0000000708e00000|  0%| F|  |TAMS 0x0000000708c00000, 0x0000000708c00000| Untracked 
|  35|0x0000000708e00000, 0x0000000708e00000, 0x0000000709000000|  0%| F|  |TAMS 0x0000000708e00000, 0x0000000708e00000| Untracked 
|  36|0x0000000709000000, 0x0000000709000000, 0x0000000709200000|  0%| F|  |TAMS 0x0000000709000000, 0x0000000709000000| Untracked 
|  37|0x0000000709200000, 0x0000000709200000, 0x0000000709400000|  0%| F|  |TAMS 0x0000000709200000, 0x0000000709200000| Untracked 
|  38|0x0000000709400000, 0x0000000709400000, 0x0000000709600000|  0%| F|  |TAMS 0x0000000709400000, 0x0000000709400000| Untracked 
|  39|0x0000000709600000, 0x0000000709600000, 0x0000000709800000|  0%| F|  |TAMS 0x0000000709600000, 0x0000000709600000| Untracked 
|  40|0x0000000709800000, 0x0000000709800000, 0x0000000709a00000|  0%| F|  |TAMS 0x0000000709800000, 0x0000000709800000| Untracked 
|  41|0x0000000709a00000, 0x0000000709a00000, 0x0000000709c00000|  0%| F|  |TAMS 0x0000000709a00000, 0x0000000709a00000| Untracked 
|  42|0x0000000709c00000, 0x0000000709c00000, 0x0000000709e00000|  0%| F|  |TAMS 0x0000000709c00000, 0x0000000709c00000| Untracked 
|  43|0x0000000709e00000, 0x0000000709e00000, 0x000000070a000000|  0%| F|  |TAMS 0x0000000709e00000, 0x0000000709e00000| Untracked 
|  44|0x000000070a000000, 0x000000070a000000, 0x000000070a200000|  0%| F|  |TAMS 0x000000070a000000, 0x000000070a000000| Untracked 
|  45|0x000000070a200000, 0x000000070a200000, 0x000000070a400000|  0%| F|  |TAMS 0x000000070a200000, 0x000000070a200000| Untracked 
|  46|0x000000070a400000, 0x000000070a400000, 0x000000070a600000|  0%| F|  |TAMS 0x000000070a400000, 0x000000070a400000| Untracked 
|  47|0x000000070a600000, 0x000000070a600000, 0x000000070a800000|  0%| F|  |TAMS 0x000000070a600000, 0x000000070a600000| Untracked 
|  48|0x000000070a800000, 0x000000070a800000, 0x000000070aa00000|  0%| F|  |TAMS 0x000000070a800000, 0x000000070a800000| Untracked 
|  49|0x000000070aa00000, 0x000000070aa00000, 0x000000070ac00000|  0%| F|  |TAMS 0x000000070aa00000, 0x000000070aa00000| Untracked 
|  50|0x000000070ac00000, 0x000000070ac00000, 0x000000070ae00000|  0%| F|  |TAMS 0x000000070ac00000, 0x000000070ac00000| Untracked 
|  51|0x000000070ae00000, 0x000000070ae00000, 0x000000070b000000|  0%| F|  |TAMS 0x000000070ae00000, 0x000000070ae00000| Untracked 
|  52|0x000000070b000000, 0x000000070b000000, 0x000000070b200000|  0%| F|  |TAMS 0x000000070b000000, 0x000000070b000000| Untracked 
|  53|0x000000070b200000, 0x000000070b200000, 0x000000070b400000|  0%| F|  |TAMS 0x000000070b200000, 0x000000070b200000| Untracked 
|  54|0x000000070b400000, 0x000000070b400000, 0x000000070b600000|  0%| F|  |TAMS 0x000000070b400000, 0x000000070b400000| Untracked 
|  55|0x000000070b600000, 0x000000070b600000, 0x000000070b800000|  0%| F|  |TAMS 0x000000070b600000, 0x000000070b600000| Untracked 
|  56|0x000000070b800000, 0x000000070b800000, 0x000000070ba00000|  0%| F|  |TAMS 0x000000070b800000, 0x000000070b800000| Untracked 
|  57|0x000000070ba00000, 0x000000070ba00000, 0x000000070bc00000|  0%| F|  |TAMS 0x000000070ba00000, 0x000000070ba00000| Untracked 
|  58|0x000000070bc00000, 0x000000070bc00000, 0x000000070be00000|  0%| F|  |TAMS 0x000000070bc00000, 0x000000070bc00000| Untracked 
|  59|0x000000070be00000, 0x000000070be00000, 0x000000070c000000|  0%| F|  |TAMS 0x000000070be00000, 0x000000070be00000| Untracked 
|  60|0x000000070c000000, 0x000000070c000000, 0x000000070c200000|  0%| F|  |TAMS 0x000000070c000000, 0x000000070c000000| Untracked 
|  61|0x000000070c200000, 0x000000070c200000, 0x000000070c400000|  0%| F|  |TAMS 0x000000070c200000, 0x000000070c200000| Untracked 
|  62|0x000000070c400000, 0x000000070c400000, 0x000000070c600000|  0%| F|  |TAMS 0x000000070c400000, 0x000000070c400000| Untracked 
|  63|0x000000070c600000, 0x000000070c600000, 0x000000070c800000|  0%| F|  |TAMS 0x000000070c600000, 0x000000070c600000| Untracked 
|  64|0x000000070c800000, 0x000000070c800000, 0x000000070ca00000|  0%| F|  |TAMS 0x000000070c800000, 0x000000070c800000| Untracked 
|  65|0x000000070ca00000, 0x000000070ca00000, 0x000000070cc00000|  0%| F|  |TAMS 0x000000070ca00000, 0x000000070ca00000| Untracked 
|  66|0x000000070cc00000, 0x000000070cc00000, 0x000000070ce00000|  0%| F|  |TAMS 0x000000070cc00000, 0x000000070cc00000| Untracked 
|  67|0x000000070ce00000, 0x000000070ce00000, 0x000000070d000000|  0%| F|  |TAMS 0x000000070ce00000, 0x000000070ce00000| Untracked 
|  68|0x000000070d000000, 0x000000070d000000, 0x000000070d200000|  0%| F|  |TAMS 0x000000070d000000, 0x000000070d000000| Untracked 
|  69|0x000000070d200000, 0x000000070d200000, 0x000000070d400000|  0%| F|  |TAMS 0x000000070d200000, 0x000000070d200000| Untracked 
|  70|0x000000070d400000, 0x000000070d400000, 0x000000070d600000|  0%| F|  |TAMS 0x000000070d400000, 0x000000070d400000| Untracked 
|  71|0x000000070d600000, 0x000000070d600000, 0x000000070d800000|  0%| F|  |TAMS 0x000000070d600000, 0x000000070d600000| Untracked 
|  72|0x000000070d800000, 0x000000070d800000, 0x000000070da00000|  0%| F|  |TAMS 0x000000070d800000, 0x000000070d800000| Untracked 
|  73|0x000000070da00000, 0x000000070da00000, 0x000000070dc00000|  0%| F|  |TAMS 0x000000070da00000, 0x000000070da00000| Untracked 
|  74|0x000000070dc00000, 0x000000070dc00000, 0x000000070de00000|  0%| F|  |TAMS 0x000000070dc00000, 0x000000070dc00000| Untracked 
|  75|0x000000070de00000, 0x000000070de00000, 0x000000070e000000|  0%| F|  |TAMS 0x000000070de00000, 0x000000070de00000| Untracked 
|  76|0x000000070e000000, 0x000000070e000000, 0x000000070e200000|  0%| F|  |TAMS 0x000000070e000000, 0x000000070e000000| Untracked 
|  77|0x000000070e200000, 0x000000070e200000, 0x000000070e400000|  0%| F|  |TAMS 0x000000070e200000, 0x000000070e200000| Untracked 
|  78|0x000000070e400000, 0x000000070e400000, 0x000000070e600000|  0%| F|  |TAMS 0x000000070e400000, 0x000000070e400000| Untracked 
|  79|0x000000070e600000, 0x000000070e600000, 0x000000070e800000|  0%| F|  |TAMS 0x000000070e600000, 0x000000070e600000| Untracked 
|  80|0x000000070e800000, 0x000000070e800000, 0x000000070ea00000|  0%| F|  |TAMS 0x000000070e800000, 0x000000070e800000| Untracked 
|  81|0x000000070ea00000, 0x000000070ea00000, 0x000000070ec00000|  0%| F|  |TAMS 0x000000070ea00000, 0x000000070ea00000| Untracked 
|  82|0x000000070ec00000, 0x000000070ec00000, 0x000000070ee00000|  0%| F|  |TAMS 0x000000070ec00000, 0x000000070ec00000| Untracked 
|  83|0x000000070ee00000, 0x000000070ee00000, 0x000000070f000000|  0%| F|  |TAMS 0x000000070ee00000, 0x000000070ee00000| Untracked 
|  84|0x000000070f000000, 0x000000070f000000, 0x000000070f200000|  0%| F|  |TAMS 0x000000070f000000, 0x000000070f000000| Untracked 
|  85|0x000000070f200000, 0x000000070f200000, 0x000000070f400000|  0%| F|  |TAMS 0x000000070f200000, 0x000000070f200000| Untracked 
|  86|0x000000070f400000, 0x000000070f400000, 0x000000070f600000|  0%| F|  |TAMS 0x000000070f400000, 0x000000070f400000| Untracked 
|  87|0x000000070f600000, 0x000000070f600000, 0x000000070f800000|  0%| F|  |TAMS 0x000000070f600000, 0x000000070f600000| Untracked 
|  88|0x000000070f800000, 0x000000070f800000, 0x000000070fa00000|  0%| F|  |TAMS 0x000000070f800000, 0x000000070f800000| Untracked 
|  89|0x000000070fa00000, 0x000000070fa00000, 0x000000070fc00000|  0%| F|  |TAMS 0x000000070fa00000, 0x000000070fa00000| Untracked 
|  90|0x000000070fc00000, 0x000000070fc00000, 0x000000070fe00000|  0%| F|  |TAMS 0x000000070fc00000, 0x000000070fc00000| Untracked 
|  91|0x000000070fe00000, 0x000000070fe00000, 0x0000000710000000|  0%| F|  |TAMS 0x000000070fe00000, 0x000000070fe00000| Untracked 
|  92|0x0000000710000000, 0x0000000710000000, 0x0000000710200000|  0%| F|  |TAMS 0x0000000710000000, 0x0000000710000000| Untracked 
|  93|0x0000000710200000, 0x0000000710200000, 0x0000000710400000|  0%| F|  |TAMS 0x0000000710200000, 0x0000000710200000| Untracked 
|  94|0x0000000710400000, 0x0000000710400000, 0x0000000710600000|  0%| F|  |TAMS 0x0000000710400000, 0x0000000710400000| Untracked 
|  95|0x0000000710600000, 0x0000000710600000, 0x0000000710800000|  0%| F|  |TAMS 0x0000000710600000, 0x0000000710600000| Untracked 
|  96|0x0000000710800000, 0x0000000710800000, 0x0000000710a00000|  0%| F|  |TAMS 0x0000000710800000, 0x0000000710800000| Untracked 
|  97|0x0000000710a00000, 0x0000000710a00000, 0x0000000710c00000|  0%| F|  |TAMS 0x0000000710a00000, 0x0000000710a00000| Untracked 
|  98|0x0000000710c00000, 0x0000000710c00000, 0x0000000710e00000|  0%| F|  |TAMS 0x0000000710c00000, 0x0000000710c00000| Untracked 
|  99|0x0000000710e00000, 0x0000000710e00000, 0x0000000711000000|  0%| F|  |TAMS 0x0000000710e00000, 0x0000000710e00000| Untracked 
| 100|0x0000000711000000, 0x0000000711000000, 0x0000000711200000|  0%| F|  |TAMS 0x0000000711000000, 0x0000000711000000| Untracked 
| 101|0x0000000711200000, 0x0000000711200000, 0x0000000711400000|  0%| F|  |TAMS 0x0000000711200000, 0x0000000711200000| Untracked 
| 102|0x0000000711400000, 0x0000000711400000, 0x0000000711600000|  0%| F|  |TAMS 0x0000000711400000, 0x0000000711400000| Untracked 
| 103|0x0000000711600000, 0x0000000711600000, 0x0000000711800000|  0%| F|  |TAMS 0x0000000711600000, 0x0000000711600000| Untracked 
| 104|0x0000000711800000, 0x0000000711800000, 0x0000000711a00000|  0%| F|  |TAMS 0x0000000711800000, 0x0000000711800000| Untracked 
| 105|0x0000000711a00000, 0x0000000711a00000, 0x0000000711c00000|  0%| F|  |TAMS 0x0000000711a00000, 0x0000000711a00000| Untracked 
| 106|0x0000000711c00000, 0x0000000711c00000, 0x0000000711e00000|  0%| F|  |TAMS 0x0000000711c00000, 0x0000000711c00000| Untracked 
| 107|0x0000000711e00000, 0x0000000711e00000, 0x0000000712000000|  0%| F|  |TAMS 0x0000000711e00000, 0x0000000711e00000| Untracked 
| 108|0x0000000712000000, 0x0000000712000000, 0x0000000712200000|  0%| F|  |TAMS 0x0000000712000000, 0x0000000712000000| Untracked 
| 109|0x0000000712200000, 0x0000000712200000, 0x0000000712400000|  0%| F|  |TAMS 0x0000000712200000, 0x0000000712200000| Untracked 
| 110|0x0000000712400000, 0x0000000712400000, 0x0000000712600000|  0%| F|  |TAMS 0x0000000712400000, 0x0000000712400000| Untracked 
| 111|0x0000000712600000, 0x0000000712600000, 0x0000000712800000|  0%| F|  |TAMS 0x0000000712600000, 0x0000000712600000| Untracked 
| 112|0x0000000712800000, 0x0000000712800000, 0x0000000712a00000|  0%| F|  |TAMS 0x0000000712800000, 0x0000000712800000| Untracked 
| 113|0x0000000712a00000, 0x0000000712c00000, 0x0000000712c00000|100%| S|CS|TAMS 0x0000000712a00000, 0x0000000712a00000| Complete 
| 114|0x0000000712c00000, 0x0000000712e00000, 0x0000000712e00000|100%| S|CS|TAMS 0x0000000712c00000, 0x0000000712c00000| Complete 
| 115|0x0000000712e00000, 0x0000000712e00000, 0x0000000713000000|  0%| F|  |TAMS 0x0000000712e00000, 0x0000000712e00000| Untracked 
| 116|0x0000000713000000, 0x0000000713000000, 0x0000000713200000|  0%| F|  |TAMS 0x0000000713000000, 0x0000000713000000| Untracked 
| 117|0x0000000713200000, 0x0000000713200000, 0x0000000713400000|  0%| F|  |TAMS 0x0000000713200000, 0x0000000713200000| Untracked 
| 118|0x0000000713400000, 0x0000000713400000, 0x0000000713600000|  0%| F|  |TAMS 0x0000000713400000, 0x0000000713400000| Untracked 
| 119|0x0000000713600000, 0x0000000713600000, 0x0000000713800000|  0%| F|  |TAMS 0x0000000713600000, 0x0000000713600000| Untracked 
| 120|0x0000000713800000, 0x0000000713800000, 0x0000000713a00000|  0%| F|  |TAMS 0x0000000713800000, 0x0000000713800000| Untracked 
| 121|0x0000000713a00000, 0x0000000713a8d0b0, 0x0000000713c00000| 27%| E|  |TAMS 0x0000000713a00000, 0x0000000713a00000| Complete 
| 122|0x0000000713c00000, 0x0000000713e00000, 0x0000000713e00000|100%| E|CS|TAMS 0x0000000713c00000, 0x0000000713c00000| Complete 
| 123|0x0000000713e00000, 0x0000000714000000, 0x0000000714000000|100%| E|CS|TAMS 0x0000000713e00000, 0x0000000713e00000| Complete 
| 124|0x0000000714000000, 0x0000000714200000, 0x0000000714200000|100%| E|CS|TAMS 0x0000000714000000, 0x0000000714000000| Complete 
| 125|0x0000000714200000, 0x0000000714400000, 0x0000000714400000|100%| E|CS|TAMS 0x0000000714200000, 0x0000000714200000| Complete 

Card table byte_map: [0x0000023e7a100000,0x0000023e7a8e0000] _byte_map_base: 0x0000023e768dc000

Marking Bits (Prev, Next): (CMBitMap*) 0x0000023e723f0270, (CMBitMap*) 0x0000023e723f02b0
 Prev Bits: [0x0000023e7b0c0000, 0x0000023e7efa0000)
 Next Bits: [0x0000023e0f000000, 0x0000023e12ee0000)

Polling page: 0x0000023e72430000

Metaspace:

Usage:
  Non-class:      8.51 MB used.
      Class:      1.27 MB used.
       Both:      9.78 MB used.

Virtual space:
  Non-class space:       64.00 MB reserved,       8.56 MB ( 13%) committed,  1 nodes.
      Class space:        1.00 GB reserved,       1.31 MB ( <1%) committed,  1 nodes.
             Both:        1.06 GB reserved,       9.88 MB ( <1%) committed. 

Chunk freelists:
   Non-Class:  6.80 MB
       Class:  14.62 MB
        Both:  21.42 MB

MaxMetaspaceSize: unlimited
CompressedClassSpaceSize: 1.00 GB
Initial GC threshold: 21.00 MB
Current GC threshold: 21.00 MB
CDS: on
MetaspaceReclaimPolicy: balanced
 - commit_granule_bytes: 65536.
 - commit_granule_words: 8192.
 - virtual_space_node_default_size: 8388608.
 - enlarge_chunks_in_place: 1.
 - new_chunks_are_fully_committed: 0.
 - uncommit_free_chunks: 1.
 - use_allocation_guard: 0.
 - handle_deallocations: 1.


Internal statistics:

num_allocs_failed_limit: 0.
num_arena_births: 130.
num_arena_deaths: 0.
num_vsnodes_births: 2.
num_vsnodes_deaths: 0.
num_space_committed: 158.
num_space_uncommitted: 0.
num_chunks_returned_to_freelist: 0.
num_chunks_taken_from_freelist: 365.
num_chunk_merges: 0.
num_chunk_splits: 232.
num_chunks_enlarged: 168.
num_inconsistent_stats: 0.

CodeHeap 'non-profiled nmethods': size=119168Kb used=498Kb max_used=498Kb free=118670Kb
 bounds [0x0000023e07ba0000, 0x0000023e07e10000, 0x0000023e0f000000]
CodeHeap 'profiled nmethods': size=119104Kb used=2795Kb max_used=2795Kb free=116308Kb
 bounds [0x0000023e00000000, 0x0000023e002c0000, 0x0000023e07450000]
CodeHeap 'non-nmethods': size=7488Kb used=2297Kb max_used=2326Kb free=5190Kb
 bounds [0x0000023e07450000, 0x0000023e076c0000, 0x0000023e07ba0000]
 total_blobs=1954 nmethods=1485 adapters=380
 compilation: enabled
              stopped_count=0, restarted_count=0
 full_count=0

Compilation events (20 events):
Event: 0.580 Thread 0x0000023e5603bab0 1466       1       jdk.internal.org.objectweb.asm.ClassReader::getMaxStringLength (5 bytes)
Event: 0.580 Thread 0x0000023e560ea400 nmethod 1470 0x0000023e002b5810 code [0x0000023e002b59a0, 0x0000023e002b5af8]
Event: 0.580 Thread 0x0000023e5603bab0 nmethod 1466 0x0000023e07c1a710 code [0x0000023e07c1a8a0, 0x0000023e07c1a978]
Event: 0.580 Thread 0x0000023e560ea400 1471       1       java.util.concurrent.locks.AbstractOwnableSynchronizer::getExclusiveOwnerThread (5 bytes)
Event: 0.580 Thread 0x0000023e5603bab0 1472       1       java.util.concurrent.locks.AbstractOwnableSynchronizer::setExclusiveOwnerThread (6 bytes)
Event: 0.580 Thread 0x0000023e560e8970 nmethod 1468 0x0000023e002b5b90 code [0x0000023e002b5de0, 0x0000023e002b6b48]
Event: 0.580 Thread 0x0000023e5603bab0 nmethod 1472 0x0000023e07c1aa10 code [0x0000023e07c1aba0, 0x0000023e07c1acb8]
Event: 0.581 Thread 0x0000023e5603bab0 1473       1       java.util.concurrent.atomic.AtomicInteger::get (5 bytes)
Event: 0.581 Thread 0x0000023e560ea400 nmethod 1471 0x0000023e07c1ad10 code [0x0000023e07c1aea0, 0x0000023e07c1af78]
Event: 0.581 Thread 0x0000023e560e8970 1474       1       java.lang.reflect.Constructor::getSharedParameterTypes (5 bytes)
Event: 0.581 Thread 0x0000023e5603bab0 nmethod 1473 0x0000023e07c1b010 code [0x0000023e07c1b1a0, 0x0000023e07c1b278]
Event: 0.581 Thread 0x0000023e560e8970 nmethod 1474 0x0000023e07c1b310 code [0x0000023e07c1b4a0, 0x0000023e07c1b578]
Event: 0.584 Thread 0x0000023e560e8970 1477       3       java.lang.invoke.VarHandle::checkExactAccessMode (28 bytes)
Event: 0.584 Thread 0x0000023e560e8970 nmethod 1477 0x0000023e002b6e90 code [0x0000023e002b70c0, 0x0000023e002b7ce8]
Event: 0.584 Thread 0x0000023e560e9960 1478       4       java.util.zip.ZipFile$Source::getEntryPos (9 bytes)
Event: 0.585 Thread 0x0000023e560e9960 nmethod 1478 0x0000023e07c1bc10 code [0x0000023e07c1bd80, 0x0000023e07c1be38]
Event: 0.586 Thread 0x0000023e560ea400 1479       3       java.lang.Class$ReflectionData::<init> (10 bytes)
Event: 0.586 Thread 0x0000023e560e8970 1480       3       java.lang.Class$Atomic::casReflectionData (13 bytes)
Event: 0.587 Thread 0x0000023e560ea400 nmethod 1479 0x0000023e002b8090 code [0x0000023e002b8220, 0x0000023e002b8398]
Event: 0.587 Thread 0x0000023e560e8970 nmethod 1480 0x0000023e002b8490 code [0x0000023e002b8620, 0x0000023e002b8778]

GC Heap History (2 events):
Event: 0.491 GC heap before
{Heap before GC invocations=0 (full 0):
 garbage-first heap   total 258048K, used 22528K [0x0000000704800000, 0x0000000800000000)
  region size 2048K, 11 young (22528K), 0 survivors (0K)
 Metaspace       used 8058K, committed 8192K, reserved 1114112K
  class space    used 1007K, committed 1088K, reserved 1048576K
}
Event: 0.494 GC heap after
{Heap after GC invocations=1 (full 0):
 garbage-first heap   total 258048K, used 5683K [0x0000000704800000, 0x0000000800000000)
  region size 2048K, 2 young (4096K), 2 survivors (4096K)
 Metaspace       used 8058K, committed 8192K, reserved 1114112K
  class space    used 1007K, committed 1088K, reserved 1048576K
}

Dll operation events (7 events):
Event: 0.007 Loaded shared library C:\USERS\MUZAL\APPDATA\LOCAL\MICROSOFT\VISUALSTUDIO\17.0_B5865411\EXTENSIONS\CKXPXBNK.I5C\Sloop\jre\bin\java.dll
Event: 0.026 Loaded shared library C:\USERS\MUZAL\APPDATA\LOCAL\MICROSOFT\VISUALSTUDIO\17.0_B5865411\EXTENSIONS\CKXPXBNK.I5C\Sloop\jre\bin\jsvml.dll
Event: 0.072 Loaded shared library C:\Users\muzal\AppData\Local\Microsoft\VisualStudio\17.0_b5865411\Extensions\ckxpxbnk.i5c\Sloop\jre\bin\net.dll
Event: 0.074 Loaded shared library C:\Users\muzal\AppData\Local\Microsoft\VisualStudio\17.0_b5865411\Extensions\ckxpxbnk.i5c\Sloop\jre\bin\nio.dll
Event: 0.076 Loaded shared library C:\Users\muzal\AppData\Local\Microsoft\VisualStudio\17.0_b5865411\Extensions\ckxpxbnk.i5c\Sloop\jre\bin\zip.dll
Event: 0.109 Loaded shared library C:\USERS\MUZAL\APPDATA\LOCAL\MICROSOFT\VISUALSTUDIO\17.0_B5865411\EXTENSIONS\CKXPXBNK.I5C\Sloop\jre\bin\verify.dll
Event: 0.145 Loaded shared library C:\Users\muzal\AppData\Local\Microsoft\VisualStudio\17.0_b5865411\Extensions\ckxpxbnk.i5c\Sloop\jre\bin\jimage.dll

Deoptimization events (20 events):
Event: 0.306 Thread 0x0000023e7237fb90 DEOPT PACKING pc=0x0000023e07ba7f64 sp=0x000000bd383fdab0
Event: 0.306 Thread 0x0000023e7237fb90 DEOPT UNPACKING pc=0x0000023e074a69a3 sp=0x000000bd383fda38 mode 2
Event: 0.396 Thread 0x0000023e7237fb90 DEOPT PACKING pc=0x0000023e00097f0b sp=0x000000bd383f95d0
Event: 0.396 Thread 0x0000023e7237fb90 DEOPT UNPACKING pc=0x0000023e074a7143 sp=0x000000bd383f8a30 mode 0
Event: 0.462 Thread 0x0000023e7237fb90 DEOPT PACKING pc=0x0000023e00143a96 sp=0x000000bd383fd580
Event: 0.462 Thread 0x0000023e7237fb90 DEOPT UNPACKING pc=0x0000023e074a7143 sp=0x000000bd383fc9d8 mode 0
Event: 0.506 Thread 0x0000023e7237fb90 Uncommon trap: trap_request=0xffffff45 fr.pc=0x0000023e07c0e0fc relative=0x000000000000023c
Event: 0.506 Thread 0x0000023e7237fb90 Uncommon trap: reason=unstable_if action=reinterpret pc=0x0000023e07c0e0fc method=sun.reflect.generics.parser.SignatureParser.skipIdentifier()V @ 32 c2
Event: 0.506 Thread 0x0000023e7237fb90 DEOPT PACKING pc=0x0000023e07c0e0fc sp=0x000000bd383fd6d0
Event: 0.506 Thread 0x0000023e7237fb90 DEOPT UNPACKING pc=0x0000023e074a69a3 sp=0x000000bd383fd670 mode 2
Event: 0.552 Thread 0x0000023e56b1bea0 Uncommon trap: trap_request=0xffffff45 fr.pc=0x0000023e07c0803c relative=0x00000000000003fc
Event: 0.552 Thread 0x0000023e56b1bea0 Uncommon trap: reason=unstable_if action=reinterpret pc=0x0000023e07c0803c method=java.lang.invoke.VarHandle.checkExactAccessMode(Ljava/lang/invoke/VarHandle$AccessDescriptor;)V @ 4 c2
Event: 0.552 Thread 0x0000023e56b1bea0 DEOPT PACKING pc=0x0000023e07c0803c sp=0x000000bd3a3ff430
Event: 0.552 Thread 0x0000023e56b1bea0 DEOPT UNPACKING pc=0x0000023e074a69a3 sp=0x000000bd3a3ff420 mode 2
Event: 0.558 Thread 0x0000023e56b1bea0 DEOPT PACKING pc=0x0000023e00095148 sp=0x000000bd3a3fdd70
Event: 0.558 Thread 0x0000023e56b1bea0 DEOPT UNPACKING pc=0x0000023e074a7143 sp=0x000000bd3a3fd288 mode 0
Event: 0.586 Thread 0x0000023e5b4ad390 Uncommon trap: trap_request=0xffffff45 fr.pc=0x0000023e07c186d8 relative=0x00000000000005d8
Event: 0.586 Thread 0x0000023e5b4ad390 Uncommon trap: reason=unstable_if action=reinterpret pc=0x0000023e07c186d8 method=jdk.internal.loader.URLClassPath.getResource(Ljava/lang/String;Z)Ljdk/internal/loader/Resource; @ 47 c2
Event: 0.586 Thread 0x0000023e5b4ad390 DEOPT PACKING pc=0x0000023e07c186d8 sp=0x000000bd3a4fd380
Event: 0.586 Thread 0x0000023e5b4ad390 DEOPT UNPACKING pc=0x0000023e074a69a3 sp=0x000000bd3a4fd350 mode 2

Classes unloaded (0 events):
No events

Classes redefined (0 events):
No events

Internal exceptions (14 events):
Event: 0.327 Thread 0x0000023e7237fb90 Exception <a 'java/lang/ClassNotFoundException'{0x0000000713400a98}: javax/smartcardio/CardPermission> (0x0000000713400a98) 
thrown [s\src\hotspot\share\classfile\systemDictionary.cpp, line 256]
Event: 0.329 Thread 0x0000023e7237fb90 Exception <a 'java/io/FileNotFoundException'{0x000000071340f178}> (0x000000071340f178) 
thrown [s\src\hotspot\share\prims\jni.cpp, line 516]
Event: 0.347 Thread 0x0000023e7237fb90 Exception <a 'java/lang/NoSuchMethodError'{0x000000071349d528}: 'java.lang.Object java.lang.invoke.DirectMethodHandle$Holder.invokeSpecial(java.lang.Object, java.lang.Object, java.lang.Object, long, java.lang.Object)'> (0x000000071349d528) 
thrown [s\src\hotspot\share\interpreter\linkResolver.cpp, line 759]
Event: 0.347 Thread 0x0000023e7237fb90 Exception <a 'java/lang/NoSuchMethodError'{0x00000007134a11c8}: 'java.lang.Object java.lang.invoke.Invokers$Holder.linkToTargetMethod(java.lang.Object, long, java.lang.Object, java.lang.Object)'> (0x00000007134a11c8) 
thrown [s\src\hotspot\share\interpreter\linkResolver.cpp, line 759]
Event: 0.355 Thread 0x0000023e7237fb90 Exception <a 'java/lang/NoSuchMethodError'{0x0000000713529008}: 'void java.lang.invoke.DirectMethodHandle$Holder.invokeStatic(java.lang.Object, java.lang.Object, java.lang.Object)'> (0x0000000713529008) 
thrown [s\src\hotspot\share\interpreter\linkResolver.cpp, line 759]
Event: 0.397 Thread 0x0000023e7237fb90 Exception <a 'java/lang/NoSuchMethodError'{0x00000007132abf00}: 'int java.lang.invoke.DirectMethodHandle$Holder.invokeSpecial(java.lang.Object, java.lang.Object, java.lang.Object)'> (0x00000007132abf00) 
thrown [s\src\hotspot\share\interpreter\linkResolver.cpp, line 759]
Event: 0.407 Thread 0x0000023e7237fb90 Exception <a 'java/lang/NoSuchMethodError'{0x000000071336dc38}: 'java.lang.Object java.lang.invoke.DirectMethodHandle$Holder.invokeStaticInit(java.lang.Object, java.lang.Object, java.lang.Object)'> (0x000000071336dc38) 
thrown [s\src\hotspot\share\interpreter\linkResolver.cpp, line 759]
Event: 0.467 Thread 0x0000023e7237fb90 Exception <a 'java/lang/NoSuchMethodError'{0x0000000712e97fd8}: 'void java.lang.invoke.DirectMethodHandle$Holder.invokeStatic(java.lang.Object, java.lang.Object, java.lang.Object, java.lang.Object)'> (0x0000000712e97fd8) 
thrown [s\src\hotspot\share\interpreter\linkResolver.cpp, line 759]
Event: 0.525 Thread 0x0000023e7237fb90 Exception <a 'java/lang/NoSuchMethodError'{0x00000007140f6a20}: 'java.lang.Object java.lang.invoke.DirectMethodHandle$Holder.newInvokeSpecial(java.lang.Object, java.lang.Object, java.lang.Object, java.lang.Object, java.lang.Object)'> (0x00000007140f6a20) 
thrown [s\src\hotspot\share\interpreter\linkResolver.cpp, line 759]
Event: 0.539 Thread 0x0000023e7237fb90 Exception <a 'java/lang/NoSuchMethodError'{0x0000000713ef9098}: 'void java.lang.invoke.DirectMethodHandle$Holder.invokeSpecial(java.lang.Object, java.lang.Object, java.lang.Object)'> (0x0000000713ef9098) 
thrown [s\src\hotspot\share\interpreter\linkResolver.cpp, line 759]
Event: 0.552 Thread 0x0000023e7237fb90 Exception <a 'java/lang/NoSuchMethodError'{0x0000000713fb5040}: 'void java.lang.invoke.DirectMethodHandle$Holder.invokeStatic(java.lang.Object, java.lang.Object)'> (0x0000000713fb5040) 
thrown [s\src\hotspot\share\interpreter\linkResolver.cpp, line 759]
Event: 0.553 Thread 0x0000023e56b1bea0 Exception <a 'java/lang/NoSuchMethodError'{0x0000000713c056c8}: 'int java.lang.invoke.DirectMethodHandle$Holder.invokeVirtual(java.lang.Object, java.lang.Object)'> (0x0000000713c056c8) 
thrown [s\src\hotspot\share\interpreter\linkResolver.cpp, line 759]
Event: 0.554 Thread 0x0000023e56b1bea0 Exception <a 'java/lang/NoSuchMethodError'{0x0000000713c14540}: 'java.lang.Object java.lang.invoke.DirectMethodHandle$Holder.newInvokeSpecial(java.lang.Object, java.lang.Object, java.lang.Object, int, int)'> (0x0000000713c14540) 
thrown [s\src\hotspot\share\interpreter\linkResolver.cpp, line 759]
Event: 0.582 Thread 0x0000023e56b1b9c0 Exception <a 'java/lang/NoSuchMethodError'{0x0000000713d53cc0}: 'void java.lang.invoke.DirectMethodHandle$Holder.invokeVirtual(java.lang.Object, java.lang.Object)'> (0x0000000713d53cc0) 
thrown [s\src\hotspot\share\interpreter\linkResolver.cpp, line 759]

VM Operations (20 events):
Event: 0.078 Executing VM operation: HandshakeAllThreads
Event: 0.078 Executing VM operation: HandshakeAllThreads done
Event: 0.216 Executing VM operation: HandshakeAllThreads
Event: 0.216 Executing VM operation: HandshakeAllThreads done
Event: 0.246 Executing VM operation: HandshakeAllThreads
Event: 0.246 Executing VM operation: HandshakeAllThreads done
Event: 0.302 Executing VM operation: HandshakeAllThreads
Event: 0.302 Executing VM operation: HandshakeAllThreads done
Event: 0.306 Executing VM operation: HandshakeAllThreads
Event: 0.306 Executing VM operation: HandshakeAllThreads done
Event: 0.306 Executing VM operation: HandshakeAllThreads
Event: 0.306 Executing VM operation: HandshakeAllThreads done
Event: 0.332 Executing VM operation: HandshakeAllThreads
Event: 0.332 Executing VM operation: HandshakeAllThreads done
Event: 0.434 Executing VM operation: HandshakeAllThreads
Event: 0.434 Executing VM operation: HandshakeAllThreads done
Event: 0.444 Executing VM operation: HandshakeAllThreads
Event: 0.444 Executing VM operation: HandshakeAllThreads done
Event: 0.491 Executing VM operation: G1CollectForAllocation
Event: 0.494 Executing VM operation: G1CollectForAllocation done

Events (20 events):
Event: 0.571 loading class jdk/internal/reflect/UnsafeQualifiedFieldAccessorImpl
Event: 0.572 loading class jdk/internal/reflect/UnsafeQualifiedFieldAccessorImpl done
Event: 0.572 loading class jdk/internal/reflect/UnsafeQualifiedObjectFieldAccessorImpl done
Event: 0.573 loading class jdk/internal/reflect/UnsafeQualifiedBooleanFieldAccessorImpl
Event: 0.573 loading class jdk/internal/reflect/UnsafeQualifiedBooleanFieldAccessorImpl done
Event: 0.573 loading class java/util/concurrent/locks/AbstractQueuedSynchronizer$ExclusiveNode
Event: 0.573 loading class java/util/concurrent/locks/AbstractQueuedSynchronizer$ExclusiveNode done
Event: 0.574 loading class java/util/concurrent/CompletableFuture$UniApply
Event: 0.574 loading class java/util/concurrent/CompletableFuture$UniApply done
Event: 0.575 Thread 0x0000023e5b4ad390 Thread added: 0x0000023e5b4ad390
Event: 0.582 loading class java/util/concurrent/CompletableFuture$AsyncRun
Event: 0.582 loading class java/util/EventObject
Event: 0.582 loading class java/util/concurrent/CompletableFuture$AsyncRun done
Event: 0.583 loading class java/util/EventObject done
Event: 0.583 loading class java/util/concurrent/CompletableFuture$UniWhenComplete
Event: 0.583 loading class java/util/concurrent/CompletableFuture$UniWhenComplete done
Event: 0.583 loading class java/util/concurrent/CompletableFuture$UniAccept
Event: 0.583 loading class java/util/concurrent/CompletableFuture$UniAccept done
Event: 0.583 loading class java/util/concurrent/CompletableFuture$UniExceptionally
Event: 0.583 loading class java/util/concurrent/CompletableFuture$UniExceptionally done


Dynamic libraries:
0x00007ff6d5d70000 - 0x00007ff6d5d7e000 	C:\USERS\MUZAL\APPDATA\LOCAL\MICROSOFT\VISUALSTUDIO\17.0_B5865411\EXTENSIONS\CKXPXBNK.I5C\Sloop\jre\bin\java.exe
0x00007ff9ead80000 - 0x00007ff9eafe8000 	C:\WINDOWS\SYSTEM32\ntdll.dll
0x00007ff9e8b20000 - 0x00007ff9e8be9000 	C:\WINDOWS\System32\KERNEL32.DLL
0x00007ff9e7c80000 - 0x00007ff9e8071000 	C:\WINDOWS\System32\KERNELBASE.dll
0x00007ff9e89d0000 - 0x00007ff9e8b1b000 	C:\WINDOWS\System32\ucrtbase.dll
0x00007ff92b340000 - 0x00007ff92b35b000 	C:\USERS\MUZAL\APPDATA\LOCAL\MICROSOFT\VISUALSTUDIO\17.0_B5865411\EXTENSIONS\CKXPXBNK.I5C\Sloop\jre\bin\VCRUNTIME140.dll
0x00007ff924aa0000 - 0x00007ff924ab7000 	C:\USERS\MUZAL\APPDATA\LOCAL\MICROSOFT\VISUALSTUDIO\17.0_B5865411\EXTENSIONS\CKXPXBNK.I5C\Sloop\jre\bin\jli.dll
0x00007ff9e9be0000 - 0x00007ff9e9da6000 	C:\WINDOWS\System32\USER32.dll
0x00007ff9e8080000 - 0x00007ff9e80a7000 	C:\WINDOWS\System32\win32u.dll
0x00007ff9d1930000 - 0x00007ff9d1bc3000 	C:\WINDOWS\WinSxS\amd64_microsoft.windows.common-controls_6595b64144ccf1df_6.0.26100.7824_none_3e0870b2e3345462\COMCTL32.dll
0x00007ff9ea880000 - 0x00007ff9ea8ab000 	C:\WINDOWS\System32\GDI32.dll
0x00007ff9ea050000 - 0x00007ff9ea0f9000 	C:\WINDOWS\System32\msvcrt.dll
0x00007ff9e7aa0000 - 0x00007ff9e7bcb000 	C:\WINDOWS\System32\gdi32full.dll
0x00007ff9e8920000 - 0x00007ff9e89c3000 	C:\WINDOWS\System32\msvcp_win.dll
0x00007ff9e9e00000 - 0x00007ff9e9e31000 	C:\WINDOWS\System32\IMM32.DLL
0x00007ff977e50000 - 0x00007ff977e5c000 	C:\USERS\MUZAL\APPDATA\LOCAL\MICROSOFT\VISUALSTUDIO\17.0_B5865411\EXTENSIONS\CKXPXBNK.I5C\Sloop\jre\bin\vcruntime140_1.dll
0x00007ff8de370000 - 0x00007ff8de3fd000 	C:\USERS\MUZAL\APPDATA\LOCAL\MICROSOFT\VISUALSTUDIO\17.0_B5865411\EXTENSIONS\CKXPXBNK.I5C\Sloop\jre\bin\msvcp140.dll
0x00007ff8b7950000 - 0x00007ff8b85b1000 	C:\USERS\MUZAL\APPDATA\LOCAL\MICROSOFT\VISUALSTUDIO\17.0_B5865411\EXTENSIONS\CKXPXBNK.I5C\Sloop\jre\bin\server\jvm.dll
0x00007ff9e9ed0000 - 0x00007ff9e9f84000 	C:\WINDOWS\System32\ADVAPI32.dll
0x00007ff9e8c60000 - 0x00007ff9e8d06000 	C:\WINDOWS\System32\sechost.dll
0x00007ff9e9320000 - 0x00007ff9e9438000 	C:\WINDOWS\System32\RPCRT4.dll
0x00007ff9e74c0000 - 0x00007ff9e751e000 	C:\WINDOWS\SYSTEM32\POWRPROF.dll
0x00007ff9da540000 - 0x00007ff9da575000 	C:\WINDOWS\SYSTEM32\WINMM.dll
0x00007ff9df3f0000 - 0x00007ff9df3fb000 	C:\WINDOWS\SYSTEM32\VERSION.dll
0x00007ff9cb460000 - 0x00007ff9cb46a000 	C:\WINDOWS\SYSTEM32\WSOCK32.dll
0x00007ff9e91a0000 - 0x00007ff9e9214000 	C:\WINDOWS\System32\WS2_32.dll
0x00007ff9e74a0000 - 0x00007ff9e74b4000 	C:\WINDOWS\SYSTEM32\UMPDC.dll
0x00007ff9e63d0000 - 0x00007ff9e63eb000 	C:\WINDOWS\SYSTEM32\kernel.appcore.dll
0x00007ff9deea0000 - 0x00007ff9deeaa000 	C:\USERS\MUZAL\APPDATA\LOCAL\MICROSOFT\VISUALSTUDIO\17.0_B5865411\EXTENSIONS\CKXPXBNK.I5C\Sloop\jre\bin\jimage.dll
0x00007ff9e5520000 - 0x00007ff9e5762000 	C:\WINDOWS\SYSTEM32\DBGHELP.DLL
0x00007ff9e9450000 - 0x00007ff9e97d6000 	C:\WINDOWS\System32\combase.dll
0x00007ff9e97e0000 - 0x00007ff9e98b7000 	C:\WINDOWS\System32\OLEAUT32.dll
0x00007ff9ce830000 - 0x00007ff9ce86b000 	C:\WINDOWS\SYSTEM32\dbgcore.DLL
0x00007ff9e7bd0000 - 0x00007ff9e7c75000 	C:\WINDOWS\System32\bcryptPrimitives.dll
0x00007ff977600000 - 0x00007ff977625000 	C:\USERS\MUZAL\APPDATA\LOCAL\MICROSOFT\VISUALSTUDIO\17.0_B5865411\EXTENSIONS\CKXPXBNK.I5C\Sloop\jre\bin\java.dll
0x00007ff8cc6e0000 - 0x00007ff8cc7b7000 	C:\USERS\MUZAL\APPDATA\LOCAL\MICROSOFT\VISUALSTUDIO\17.0_B5865411\EXTENSIONS\CKXPXBNK.I5C\Sloop\jre\bin\jsvml.dll
0x00007ff9ea120000 - 0x00007ff9ea872000 	C:\WINDOWS\System32\SHELL32.dll
0x00007ff9e7660000 - 0x00007ff9e77ca000 	C:\WINDOWS\System32\wintypes.dll
0x00007ff9e80b0000 - 0x00007ff9e8913000 	C:\WINDOWS\System32\windows.storage.dll
0x00007ff9e9ae0000 - 0x00007ff9e9bd6000 	C:\WINDOWS\System32\SHCORE.dll
0x00007ff9e8bf0000 - 0x00007ff9e8c57000 	C:\WINDOWS\System32\shlwapi.dll
0x00007ff9e7580000 - 0x00007ff9e75a9000 	C:\WINDOWS\SYSTEM32\profapi.dll
0x00007ff97d140000 - 0x00007ff97d159000 	C:\Users\muzal\AppData\Local\Microsoft\VisualStudio\17.0_b5865411\Extensions\ckxpxbnk.i5c\Sloop\jre\bin\net.dll
0x00007ff9dff90000 - 0x00007ff9e00b7000 	C:\WINDOWS\SYSTEM32\WINHTTP.dll
0x00007ff9e6950000 - 0x00007ff9e69bb000 	C:\WINDOWS\system32\mswsock.dll
0x00007ff97ac00000 - 0x00007ff97ac16000 	C:\Users\muzal\AppData\Local\Microsoft\VisualStudio\17.0_b5865411\Extensions\ckxpxbnk.i5c\Sloop\jre\bin\nio.dll
0x00007ff97a4c0000 - 0x00007ff97a4d8000 	C:\Users\muzal\AppData\Local\Microsoft\VisualStudio\17.0_b5865411\Extensions\ckxpxbnk.i5c\Sloop\jre\bin\zip.dll
0x00007ff9da360000 - 0x00007ff9da370000 	C:\USERS\MUZAL\APPDATA\LOCAL\MICROSOFT\VISUALSTUDIO\17.0_B5865411\EXTENSIONS\CKXPXBNK.I5C\Sloop\jre\bin\verify.dll

dbghelp: loaded successfully - version: 4.0.5 - missing functions: none
symbol engine: initialized successfully - sym options: 0x614 - pdb path: .;C:\USERS\MUZAL\APPDATA\LOCAL\MICROSOFT\VISUALSTUDIO\17.0_B5865411\EXTENSIONS\CKXPXBNK.I5C\Sloop\jre\bin;C:\WINDOWS\SYSTEM32;C:\WINDOWS\WinSxS\amd64_microsoft.windows.common-controls_6595b64144ccf1df_6.0.26100.7824_none_3e0870b2e3345462;C:\USERS\MUZAL\APPDATA\LOCAL\MICROSOFT\VISUALSTUDIO\17.0_B5865411\EXTENSIONS\CKXPXBNK.I5C\Sloop\jre\bin\server

VM Arguments:
java_command: org.sonarsource.sonarlint.core.backend.cli.SonarLintServerCli
java_class_path (initial): C:\USERS\MUZAL\APPDATA\LOCAL\MICROSOFT\VISUALSTUDIO\17.0_B5865411\EXTENSIONS\CKXPXBNK.I5C\Sloop\lib\annotations-13.0.jar;C:\USERS\MUZAL\APPDATA\LOCAL\MICROSOFT\VISUALSTUDIO\17.0_B5865411\EXTENSIONS\CKXPXBNK.I5C\Sloop\lib\checker-qual-3.43.0.jar;C:\USERS\MUZAL\APPDATA\LOCAL\MICROSOFT\VISUALSTUDIO\17.0_B5865411\EXTENSIONS\CKXPXBNK.I5C\Sloop\lib\commons-codec-1.17.2.jar;C:\USERS\MUZAL\APPDATA\LOCAL\MICROSOFT\VISUALSTUDIO\17.0_B5865411\EXTENSIONS\CKXPXBNK.I5C\Sloop\lib\commons-compress-1.27.1.jar;C:\USERS\MUZAL\APPDATA\LOCAL\MICROSOFT\VISUALSTUDIO\17.0_B5865411\EXTENSIONS\CKXPXBNK.I5C\Sloop\lib\commons-csv-1.13.0.jar;C:\USERS\MUZAL\APPDATA\LOCAL\MICROSOFT\VISUALSTUDIO\17.0_B5865411\EXTENSIONS\CKXPXBNK.I5C\Sloop\lib\commons-io-2.18.0.jar;C:\USERS\MUZAL\APPDATA\LOCAL\MICROSOFT\VISUALSTUDIO\17.0_B5865411\EXTENSIONS\CKXPXBNK.I5C\Sloop\lib\commons-lang3-3.18.0.jar;C:\USERS\MUZAL\APPDATA\LOCAL\MICROSOFT\VISUALSTUDIO\17.0_B5865411\EXTENSIONS\CKXPXBNK.I5C\Sloop\lib\commons-text-1.13.1.jar;C:\USERS\MUZAL\APPDATA\LOCAL\MICROSOFT\VISUALSTUDIO\17.0_B5865411\EXTENSIONS\CKXPXBNK.I5C\Sloop\lib\error_prone_annotations-2.36.0.jar;C:\USERS\MUZAL\APPDATA\LOCAL\MICROSOFT\VISUALSTUDIO\17.0_B5865411\EXTENSIONS\CKXPXBNK.I5C\Sloop\lib\failureaccess-1.0.2.jar;C:\USERS\MUZAL\APPDATA\LOCAL\MICROSOFT\VISUALSTUDIO\17.0_B5865411\EXTENSIONS\CKXPXBNK.I5C\Sloop\lib\git-files-blame-2.0.0.2053.jar;C:\USERS\MUZAL\APPDATA\LOCAL\MICROSOFT\VISUALSTUDIO\17.0_B5865411\EXTENSIONS\CKXPXBNK.I5C\Sloop\lib\gson-2.10.jar;C:\USERS\MUZAL\APPDATA\LOCAL\MICROSOFT\VISUALSTUDIO\17.0_B5865411\EXTENSIONS\CKXPXBNK.I5C\Sloop\lib\guava-33.4.0-jre.jar;C:\USERS\MUZAL\APPDATA\LOCAL\MICROSOFT\VISUALSTUDIO\17.0_B5865411\EXTENSIONS\CKXPXBNK.I5C\Sloop\lib\httpclient5-5.4.4.jar;C:\USERS\MUZAL\APPDATA\LOCAL\MICROSOFT\VISUALSTUDIO\17.0_B5865411\EXTENSIONS\CKXPXBNK.I5C\Sloop\lib\httpcore5-5.3.2.jar;C:\USERS\MUZAL\APPDATA\LOCAL\MICROSOFT\VISUALSTUDIO\17.0_B5865411\EXTENSIONS\CKXPXBNK.I5C\Sloop\lib\httpcore5-h2
Launcher Type: SUN_STANDARD

[Global flags]
     intx CICompilerCount                          = 12                                        {product} {ergonomic}
     uint ConcGCThreads                            = 3                                         {product} {ergonomic}
     uint G1ConcRefinementThreads                  = 13                                        {product} {ergonomic}
   size_t G1HeapRegionSize                         = 2097152                                   {product} {ergonomic}
    uintx GCDrainStackTargetSize                   = 64                                        {product} {ergonomic}
   size_t InitialHeapSize                          = 264241152                                 {product} {ergonomic}
   size_t MarkStackSize                            = 4194304                                   {product} {ergonomic}
   size_t MaxHeapSize                              = 4219469824                                {product} {ergonomic}
   size_t MaxNewSize                               = 2531262464                                {product} {ergonomic}
   size_t MinHeapDeltaBytes                        = 2097152                                   {product} {ergonomic}
   size_t MinHeapSize                              = 8388608                                   {product} {ergonomic}
    uintx NonNMethodCodeHeapSize                   = 7602480                                {pd product} {ergonomic}
    uintx NonProfiledCodeHeapSize                  = 122027880                              {pd product} {ergonomic}
    uintx ProfiledCodeHeapSize                     = 122027880                              {pd product} {ergonomic}
    uintx ReservedCodeCacheSize                    = 251658240                              {pd product} {ergonomic}
     bool SegmentedCodeCache                       = true                                      {product} {ergonomic}
   size_t SoftMaxHeapSize                          = 4219469824                             {manageable} {ergonomic}
     bool UseCompressedClassPointers               = true                           {product lp64_product} {ergonomic}
     bool UseCompressedOops                        = true                           {product lp64_product} {ergonomic}
     bool UseG1GC                                  = true                                      {product} {ergonomic}
     bool UseLargePagesIndividualAllocation        = false                                  {pd product} {ergonomic}

Logging:
Log output configuration:
 #0: stdout all=warning uptime,level,tags
 #1: stderr all=off uptime,level,tags

Environment Variables:
PATH=C:\Program Files (x86)\Common Files\Oracle\Java\java8path;C:\Program Files (x86)\Common Files\Oracle\Java\javapath;C:\WINDOWS\system32;C:\WINDOWS;C:\WINDOWS\System32\Wbem;C:\WINDOWS\System32\WindowsPowerShell\v1.0\;C:\WINDOWS\System32\OpenSSH\;C:\Program Files\NVIDIA Corporation\NVIDIA app\NvDLISR;C:\Program Files\dotnet\;C:\Program Files (x86)\Windows Kits\10\Windows Performance Toolkit\;C:\Program Files\Microsoft SQL Server\150\Tools\Binn\;C:\Program Files\Microsoft SQL Server\Client SDK\ODBC\170\Tools\Binn\;C:\Program Files\nodejs\;C:\Program Files\Git\cmd;C:\Program Files\WireGuard\;C:\Program Files (x86)\NVIDIA Corporation\PhysX\Common;C:\Program Files\Tailscale\;C:\Program Files\Docker\Docker\resources\bin;C:\Users\muzal\AppData\Local\Programs\Python\Python313\Scripts\;C:\Users\muzal\AppData\Local\Programs\Python\Python313\;F:\flutter_windows_3.35.3-stable\flutter\bin;F:\AndroidSDK\platform-tools;F:\AndroidSDK\cmdline-tools\latest\bin;C:\Users\muzal\AppData\Local\Programs\Microsoft VS Code\bin;C:\Users\muzal\.dotnet\tools;F:\cursor\resources\app\bin
USERNAME=muzal
OS=Windows_NT
PROCESSOR_IDENTIFIER=Intel64 Family 6 Model 154 Stepping 3, GenuineIntel
TMP=C:\Users\muzal\AppData\Local\Temp
TEMP=C:\Users\muzal\AppData\Local\Temp



Periodic native trim disabled


---------------  S Y S T E M  ---------------

OS:
 Windows 11 , 64 bit Build 26100 (10.0.26100.7705)
OS uptime: 0 days 13:31 hours
Hyper-V role detected

CPU: total 16 (initial active 16) (8 cores per cpu, 2 threads per core) family 6 model 154 stepping 3 microcode 0x421, cx8, cmov, fxsr, ht, mmx, 3dnowpref, sse, sse2, sse3, ssse3, sse4.1, sse4.2, popcnt, lzcnt, tsc, tscinvbit, avx, avx2, aes, erms, clmul, bmi1, bmi2, adx, sha, fma, vzeroupper, clflush, clflushopt, clwb, hv
Processor Information for processor 0
  Max Mhz: 2500, Current Mhz: 2500, Mhz Limit: 2500
Processor Information for processor 1
  Max Mhz: 2500, Current Mhz: 2500, Mhz Limit: 2500
Processor Information for processor 2
  Max Mhz: 2500, Current Mhz: 2500, Mhz Limit: 2500
Processor Information for processor 3
  Max Mhz: 2500, Current Mhz: 2500, Mhz Limit: 2500
Processor Information for processor 4
  Max Mhz: 2500, Current Mhz: 2500, Mhz Limit: 2500
Processor Information for processor 5
  Max Mhz: 2500, Current Mhz: 2500, Mhz Limit: 2500
Processor Information for processor 6
  Max Mhz: 2500, Current Mhz: 2500, Mhz Limit: 2500
Processor Information for processor 7
  Max Mhz: 2500, Current Mhz: 2500, Mhz Limit: 2500
Processor Information for processor 8
  Max Mhz: 2500, Current Mhz: 1800, Mhz Limit: 1800
Processor Information for processor 9
  Max Mhz: 2500, Current Mhz: 1500, Mhz Limit: 1800
Processor Information for processor 10
  Max Mhz: 2500, Current Mhz: 1800, Mhz Limit: 1800
Processor Information for processor 11
  Max Mhz: 2500, Current Mhz: 1800, Mhz Limit: 1800
Processor Information for processor 12
  Max Mhz: 2500, Current Mhz: 1800, Mhz Limit: 1800
Processor Information for processor 13
  Max Mhz: 2500, Current Mhz: 1800, Mhz Limit: 1800
Processor Information for processor 14
  Max Mhz: 2500, Current Mhz: 1800, Mhz Limit: 1800
Processor Information for processor 15
  Max Mhz: 2500, Current Mhz: 1800, Mhz Limit: 1800

Memory: 4k page, system-wide physical 16088M (1911M free)
TotalPageFile size 25250M (AvailPageFile size 1M)
current process WorkingSet (physical memory assigned to process): 95M, peak: 95M
current process commit charge ("private bytes"): 377M, peak: 378M

vm_info: OpenJDK 64-Bit Server VM (17.0.9+9) for windows-amd64 JRE (17.0.9+9), built on Oct 26 2023 14:01:42 by "admin" with MS VC++ 16.10 / 16.11 (VS2019)

END.
